Rc files read:
  NONE
Latexmk: This is Latexmk, John Collins, 27 Dec. 2024. Version 4.86a.
Latexmk: applying rule 'pdflatex'...
Rule 'pdflatex':  Reasons for rerun
Changed files or newly in use/created:
  /Users/apple/DAU-MAU_counter/paper/paper.tex
  paper.tex
Category 'changed_user':
  /Users/apple/DAU-MAU_counter/paper/paper.tex
  paper.tex

------------
Run number 1 of rule 'pdflatex'
------------
------------
Running 'pdflatex  -interaction=nonstopmode -recorder  "paper.tex"'
------------
This is pdfTeX, Version 3.141592653-2.6-1.40.27 (TeX Live 2025) (preloaded format=pdflatex)
 restricted \write18 enabled.
entering extended mode
(./paper.tex
LaTeX2e <2024-11-01> patch level 2
L3 programming layer <2025-01-18>
(./acmart.cls
Document Class: acmart 2024/05/27 v2.08 Typesetting articles for the Associatio
n for Computing Machinery
(/usr/local/texlive/2025/texmf-dist/tex/latex/xkeyval/xkeyval.sty
(/usr/local/texlive/2025/texmf-dist/tex/generic/xkeyval/xkeyval.tex
(/usr/local/texlive/2025/texmf-dist/tex/generic/xkeyval/xkvutils.tex
(/usr/local/texlive/2025/texmf-dist/tex/generic/xkeyval/keyval.tex))))
(/usr/local/texlive/2025/texmf-dist/tex/generic/xstring/xstring.sty
(/usr/local/texlive/2025/texmf-dist/tex/generic/xstring/xstring.tex))
(/usr/local/texlive/2025/texmf-dist/tex/generic/iftex/iftex.sty)
(/usr/local/texlive/2025/texmf-dist/tex/latex/amscls/amsart.cls
Document Class: amsart 2020/05/29 v2.20.6
(/usr/local/texlive/2025/texmf-dist/tex/latex/amsmath/amsmath.sty
For additional information on amsmath, use the `?' option.
(/usr/local/texlive/2025/texmf-dist/tex/latex/amsmath/amstext.sty
(/usr/local/texlive/2025/texmf-dist/tex/latex/amsmath/amsgen.sty))
(/usr/local/texlive/2025/texmf-dist/tex/latex/amsmath/amsbsy.sty)
(/usr/local/texlive/2025/texmf-dist/tex/latex/amsmath/amsopn.sty))
(/usr/local/texlive/2025/texmf-dist/tex/latex/amsfonts/umsa.fd)
(/usr/local/texlive/2025/texmf-dist/tex/latex/amsfonts/amsfonts.sty))
(/usr/local/texlive/2025/texmf-dist/tex/latex/microtype/microtype.sty
(/usr/local/texlive/2025/texmf-dist/tex/latex/etoolbox/etoolbox.sty)
(/usr/local/texlive/2025/texmf-dist/tex/latex/microtype/microtype-pdftex.def)
(/usr/local/texlive/2025/texmf-dist/tex/latex/microtype/microtype.cfg))
(/usr/local/texlive/2025/texmf-dist/tex/latex/booktabs/booktabs.sty)
(/usr/local/texlive/2025/texmf-dist/tex/latex/refcount/refcount.sty
(/usr/local/texlive/2025/texmf-dist/tex/generic/ltxcmds/ltxcmds.sty)
(/usr/local/texlive/2025/texmf-dist/tex/generic/infwarerr/infwarerr.sty))
(/usr/local/texlive/2025/texmf-dist/tex/latex/totpages/totpages.sty
(/usr/local/texlive/2025/texmf-dist/tex/latex/everyshi/everyshi.sty))
(/usr/local/texlive/2025/texmf-dist/tex/latex/environ/environ.sty
(/usr/local/texlive/2025/texmf-dist/tex/latex/trimspaces/trimspaces.sty))
(/usr/local/texlive/2025/texmf-dist/tex/latex/textcase/textcase.sty)
(/usr/local/texlive/2025/texmf-dist/tex/latex/natbib/natbib.sty)
(/usr/local/texlive/2025/texmf-dist/tex/latex/hyperref/hyperref.sty
(/usr/local/texlive/2025/texmf-dist/tex/latex/kvsetkeys/kvsetkeys.sty)
(/usr/local/texlive/2025/texmf-dist/tex/generic/kvdefinekeys/kvdefinekeys.sty)
(/usr/local/texlive/2025/texmf-dist/tex/generic/pdfescape/pdfescape.sty
(/usr/local/texlive/2025/texmf-dist/tex/generic/pdftexcmds/pdftexcmds.sty))
(/usr/local/texlive/2025/texmf-dist/tex/latex/hycolor/hycolor.sty)
(/usr/local/texlive/2025/texmf-dist/tex/latex/hyperref/nameref.sty
(/usr/local/texlive/2025/texmf-dist/tex/generic/gettitlestring/gettitlestring.s
ty (/usr/local/texlive/2025/texmf-dist/tex/latex/kvoptions/kvoptions.sty)))
(/usr/local/texlive/2025/texmf-dist/tex/generic/stringenc/stringenc.sty)
(/usr/local/texlive/2025/texmf-dist/tex/latex/hyperref/pd1enc.def)
(/usr/local/texlive/2025/texmf-dist/tex/generic/intcalc/intcalc.sty)
(/usr/local/texlive/2025/texmf-dist/tex/latex/hyperref/puenc.def)
(/usr/local/texlive/2025/texmf-dist/tex/latex/url/url.sty)
(/usr/local/texlive/2025/texmf-dist/tex/generic/bitset/bitset.sty
(/usr/local/texlive/2025/texmf-dist/tex/generic/bigintcalc/bigintcalc.sty))
(/usr/local/texlive/2025/texmf-dist/tex/latex/base/atbegshi-ltx.sty))
(/usr/local/texlive/2025/texmf-dist/tex/latex/hyperref/hpdftex.def
(/usr/local/texlive/2025/texmf-dist/tex/latex/base/atveryend-ltx.sty)
(/usr/local/texlive/2025/texmf-dist/tex/latex/rerunfilecheck/rerunfilecheck.sty

(/usr/local/texlive/2025/texmf-dist/tex/generic/uniquecounter/uniquecounter.sty
))) (/usr/local/texlive/2025/texmf-dist/tex/latex/hyperxmp/hyperxmp.sty
(/usr/local/texlive/2025/texmf-dist/tex/latex/ifmtarg/ifmtarg.sty)
(/usr/local/texlive/2025/texmf-dist/tex/latex/base/ifthen.sty)
(/usr/local/texlive/2025/texmf-dist/tex/latex/oberdiek/ifdraft.sty)
(/usr/local/texlive/2025/texmf-dist/tex/generic/iftex/ifluatex.sty))
(/usr/local/texlive/2025/texmf-dist/tex/latex/graphics/graphicx.sty
(/usr/local/texlive/2025/texmf-dist/tex/latex/graphics/graphics.sty
(/usr/local/texlive/2025/texmf-dist/tex/latex/graphics/trig.sty)
(/usr/local/texlive/2025/texmf-dist/tex/latex/graphics-cfg/graphics.cfg)
(/usr/local/texlive/2025/texmf-dist/tex/latex/graphics-def/pdftex.def)))
(/usr/local/texlive/2025/texmf-dist/tex/latex/xcolor/xcolor.sty
(/usr/local/texlive/2025/texmf-dist/tex/latex/graphics-cfg/color.cfg)
(/usr/local/texlive/2025/texmf-dist/tex/latex/graphics/mathcolor.ltx))
(/usr/local/texlive/2025/texmf-dist/tex/latex/geometry/geometry.sty
(/usr/local/texlive/2025/texmf-dist/tex/generic/iftex/ifvtex.sty))
(/usr/local/texlive/2025/texmf-dist/tex/latex/ncctools/manyfoot.sty
(/usr/local/texlive/2025/texmf-dist/tex/latex/ncctools/nccfoots.sty))
(/usr/local/texlive/2025/texmf-dist/tex/generic/pdftex/glyphtounicode.tex)
(/usr/local/texlive/2025/texmf-dist/tex/latex/cmap/cmap.sty)
(/usr/local/texlive/2025/texmf-dist/tex/latex/base/fontenc.sty<<t1.cmap>>)
(/usr/local/texlive/2025/texmf-dist/tex/latex/libertine/libertine.sty
(/usr/local/texlive/2025/texmf-dist/tex/generic/iftex/ifxetex.sty)
(/usr/local/texlive/2025/texmf-dist/tex/latex/base/textcomp.sty)
(/usr/local/texlive/2025/texmf-dist/tex/latex/base/fontenc.sty)
(/usr/local/texlive/2025/texmf-dist/tex/latex/fontaxes/fontaxes.sty)
(/usr/local/texlive/2025/texmf-dist/tex/latex/libertine/LinLibertine_I.tex))
(/usr/local/texlive/2025/texmf-dist/tex/latex/inconsolata/zi4.sty
`inconsolata-zi4' v1.12, 2019/05/17 Text macros for Inconsolata (msharpe))
(/usr/local/texlive/2025/texmf-dist/tex/latex/newtx/newtxmath.sty
`newtxmath' v1.754, 2024/09/22 Math macros based originally on txfonts (msharpe
) (/usr/local/texlive/2025/texmf-dist/tex/latex/oberdiek/centernot.sty)
(/usr/local/texlive/2025/texmf-dist/tex/generic/kastrup/binhex.tex)
amsthm NOT loaded
) (/usr/local/texlive/2025/texmf-dist/tex/latex/caption/caption.sty
(/usr/local/texlive/2025/texmf-dist/tex/latex/caption/caption3.sty
(/usr/local/texlive/2025/texmf-dist/tex/latex/caption/caption-ams-smf.sto)))
(/usr/local/texlive/2025/texmf-dist/tex/latex/float/float.sty)
(/usr/local/texlive/2025/texmf-dist/tex/latex/comment/comment.sty
Excluding comment 'comment') Excluding comment 'CCSXML'
(/usr/local/texlive/2025/texmf-dist/tex/latex/fancyhdr/fancyhdr.sty)
Special comment 'acks'
(/usr/local/texlive/2025/texmf-dist/tex/latex/libertine/T1LinuxLibertineT-TLF.f
d)) (./popets.sty)
(/usr/local/texlive/2025/texmf-dist/tex/latex/algorithms/algorithm.sty)
(/usr/local/texlive/2025/texmf-dist/tex/latex/algorithmicx/algpseudocode.sty
(/usr/local/texlive/2025/texmf-dist/tex/latex/algorithmicx/algorithmicx.sty
Document Style algorithmicx 1.2 - a greatly improved `algorithmic' style
)
Document Style - pseudocode environments for use with the `algorithmicx' style
) (/usr/local/texlive/2025/texmf-dist/tex/latex/caption/subcaption.sty)
(/usr/local/texlive/2025/texmf-dist/tex/latex/pgf/frontendlayer/tikz.sty
(/usr/local/texlive/2025/texmf-dist/tex/latex/pgf/basiclayer/pgf.sty
(/usr/local/texlive/2025/texmf-dist/tex/latex/pgf/utilities/pgfrcs.sty
(/usr/local/texlive/2025/texmf-dist/tex/generic/pgf/utilities/pgfutil-common.te
x)
(/usr/local/texlive/2025/texmf-dist/tex/generic/pgf/utilities/pgfutil-latex.def
) (/usr/local/texlive/2025/texmf-dist/tex/generic/pgf/utilities/pgfrcs.code.tex
(/usr/local/texlive/2025/texmf-dist/tex/generic/pgf/pgf.revision.tex)))
(/usr/local/texlive/2025/texmf-dist/tex/latex/pgf/basiclayer/pgfcore.sty
(/usr/local/texlive/2025/texmf-dist/tex/latex/pgf/systemlayer/pgfsys.sty
(/usr/local/texlive/2025/texmf-dist/tex/generic/pgf/systemlayer/pgfsys.code.tex
(/usr/local/texlive/2025/texmf-dist/tex/generic/pgf/utilities/pgfkeys.code.tex
(/usr/local/texlive/2025/texmf-dist/tex/generic/pgf/utilities/pgfkeyslibraryfil
tered.code.tex))
(/usr/local/texlive/2025/texmf-dist/tex/generic/pgf/systemlayer/pgf.cfg)
(/usr/local/texlive/2025/texmf-dist/tex/generic/pgf/systemlayer/pgfsys-pdftex.d
ef
(/usr/local/texlive/2025/texmf-dist/tex/generic/pgf/systemlayer/pgfsys-common-p
df.def)))
(/usr/local/texlive/2025/texmf-dist/tex/generic/pgf/systemlayer/pgfsyssoftpath.
code.tex)
(/usr/local/texlive/2025/texmf-dist/tex/generic/pgf/systemlayer/pgfsysprotocol.
code.tex))
(/usr/local/texlive/2025/texmf-dist/tex/generic/pgf/basiclayer/pgfcore.code.tex
(/usr/local/texlive/2025/texmf-dist/tex/generic/pgf/math/pgfmath.code.tex
(/usr/local/texlive/2025/texmf-dist/tex/generic/pgf/math/pgfmathutil.code.tex)
(/usr/local/texlive/2025/texmf-dist/tex/generic/pgf/math/pgfmathparser.code.tex
)
(/usr/local/texlive/2025/texmf-dist/tex/generic/pgf/math/pgfmathfunctions.code.
tex)
(/usr/local/texlive/2025/texmf-dist/tex/generic/pgf/math/pgfmathfunctions.basic
.code.tex)
(/usr/local/texlive/2025/texmf-dist/tex/generic/pgf/math/pgfmathfunctions.trigo
nometric.code.tex)
(/usr/local/texlive/2025/texmf-dist/tex/generic/pgf/math/pgfmathfunctions.rando
m.code.tex)
(/usr/local/texlive/2025/texmf-dist/tex/generic/pgf/math/pgfmathfunctions.compa
rison.code.tex)
(/usr/local/texlive/2025/texmf-dist/tex/generic/pgf/math/pgfmathfunctions.base.
code.tex)
(/usr/local/texlive/2025/texmf-dist/tex/generic/pgf/math/pgfmathfunctions.round
.code.tex)
(/usr/local/texlive/2025/texmf-dist/tex/generic/pgf/math/pgfmathfunctions.misc.
code.tex)
(/usr/local/texlive/2025/texmf-dist/tex/generic/pgf/math/pgfmathfunctions.integ
erarithmetics.code.tex)
(/usr/local/texlive/2025/texmf-dist/tex/generic/pgf/math/pgfmathcalc.code.tex)
(/usr/local/texlive/2025/texmf-dist/tex/generic/pgf/math/pgfmathfloat.code.tex)
) (/usr/local/texlive/2025/texmf-dist/tex/generic/pgf/math/pgfint.code.tex)
(/usr/local/texlive/2025/texmf-dist/tex/generic/pgf/basiclayer/pgfcorepoints.co
de.tex)
(/usr/local/texlive/2025/texmf-dist/tex/generic/pgf/basiclayer/pgfcorepathconst
ruct.code.tex)
(/usr/local/texlive/2025/texmf-dist/tex/generic/pgf/basiclayer/pgfcorepathusage
.code.tex)
(/usr/local/texlive/2025/texmf-dist/tex/generic/pgf/basiclayer/pgfcorescopes.co
de.tex)
(/usr/local/texlive/2025/texmf-dist/tex/generic/pgf/basiclayer/pgfcoregraphicst
ate.code.tex)
(/usr/local/texlive/2025/texmf-dist/tex/generic/pgf/basiclayer/pgfcoretransform
ations.code.tex)
(/usr/local/texlive/2025/texmf-dist/tex/generic/pgf/basiclayer/pgfcorequick.cod
e.tex)
(/usr/local/texlive/2025/texmf-dist/tex/generic/pgf/basiclayer/pgfcoreobjects.c
ode.tex)
(/usr/local/texlive/2025/texmf-dist/tex/generic/pgf/basiclayer/pgfcorepathproce
ssing.code.tex)
(/usr/local/texlive/2025/texmf-dist/tex/generic/pgf/basiclayer/pgfcorearrows.co
de.tex)
(/usr/local/texlive/2025/texmf-dist/tex/generic/pgf/basiclayer/pgfcoreshade.cod
e.tex)
(/usr/local/texlive/2025/texmf-dist/tex/generic/pgf/basiclayer/pgfcoreimage.cod
e.tex)
(/usr/local/texlive/2025/texmf-dist/tex/generic/pgf/basiclayer/pgfcoreexternal.
code.tex)
(/usr/local/texlive/2025/texmf-dist/tex/generic/pgf/basiclayer/pgfcorelayers.co
de.tex)
(/usr/local/texlive/2025/texmf-dist/tex/generic/pgf/basiclayer/pgfcoretranspare
ncy.code.tex)
(/usr/local/texlive/2025/texmf-dist/tex/generic/pgf/basiclayer/pgfcorepatterns.
code.tex)
(/usr/local/texlive/2025/texmf-dist/tex/generic/pgf/basiclayer/pgfcorerdf.code.
tex)))
(/usr/local/texlive/2025/texmf-dist/tex/generic/pgf/modules/pgfmoduleshapes.cod
e.tex)
(/usr/local/texlive/2025/texmf-dist/tex/generic/pgf/modules/pgfmoduleplot.code.
tex)
(/usr/local/texlive/2025/texmf-dist/tex/latex/pgf/compatibility/pgfcomp-version
-0-65.sty)
(/usr/local/texlive/2025/texmf-dist/tex/latex/pgf/compatibility/pgfcomp-version
-1-18.sty))
(/usr/local/texlive/2025/texmf-dist/tex/latex/pgf/utilities/pgffor.sty
(/usr/local/texlive/2025/texmf-dist/tex/latex/pgf/utilities/pgfkeys.sty
(/usr/local/texlive/2025/texmf-dist/tex/generic/pgf/utilities/pgfkeys.code.tex)
) (/usr/local/texlive/2025/texmf-dist/tex/latex/pgf/math/pgfmath.sty
(/usr/local/texlive/2025/texmf-dist/tex/generic/pgf/math/pgfmath.code.tex))
(/usr/local/texlive/2025/texmf-dist/tex/generic/pgf/utilities/pgffor.code.tex))

(/usr/local/texlive/2025/texmf-dist/tex/generic/pgf/frontendlayer/tikz/tikz.cod
e.tex
(/usr/local/texlive/2025/texmf-dist/tex/generic/pgf/libraries/pgflibraryplothan
dlers.code.tex)
(/usr/local/texlive/2025/texmf-dist/tex/generic/pgf/modules/pgfmodulematrix.cod
e.tex)
(/usr/local/texlive/2025/texmf-dist/tex/generic/pgf/frontendlayer/tikz/librarie
s/tikzlibrarytopaths.code.tex)))
(/usr/local/texlive/2025/texmf-dist/tex/generic/pgf/frontendlayer/tikz/librarie
s/tikzlibraryshapes.code.tex
(/usr/local/texlive/2025/texmf-dist/tex/generic/pgf/frontendlayer/tikz/librarie
s/tikzlibraryshapes.geometric.code.tex
(/usr/local/texlive/2025/texmf-dist/tex/generic/pgf/libraries/shapes/pgflibrary
shapes.geometric.code.tex))
(/usr/local/texlive/2025/texmf-dist/tex/generic/pgf/frontendlayer/tikz/librarie
s/tikzlibraryshapes.misc.code.tex
(/usr/local/texlive/2025/texmf-dist/tex/generic/pgf/libraries/shapes/pgflibrary
shapes.misc.code.tex))
(/usr/local/texlive/2025/texmf-dist/tex/generic/pgf/frontendlayer/tikz/librarie
s/tikzlibraryshapes.symbols.code.tex
(/usr/local/texlive/2025/texmf-dist/tex/generic/pgf/libraries/shapes/pgflibrary
shapes.symbols.code.tex))
(/usr/local/texlive/2025/texmf-dist/tex/generic/pgf/frontendlayer/tikz/librarie
s/tikzlibraryshapes.arrows.code.tex
(/usr/local/texlive/2025/texmf-dist/tex/generic/pgf/libraries/shapes/pgflibrary
shapes.arrows.code.tex))
(/usr/local/texlive/2025/texmf-dist/tex/generic/pgf/frontendlayer/tikz/librarie
s/tikzlibraryshapes.callouts.code.tex
(/usr/local/texlive/2025/texmf-dist/tex/generic/pgf/libraries/shapes/pgflibrary
shapes.callouts.code.tex))
(/usr/local/texlive/2025/texmf-dist/tex/generic/pgf/frontendlayer/tikz/librarie
s/tikzlibraryshapes.multipart.code.tex
(/usr/local/texlive/2025/texmf-dist/tex/generic/pgf/libraries/shapes/pgflibrary
shapes.multipart.code.tex)))
(/usr/local/texlive/2025/texmf-dist/tex/generic/pgf/frontendlayer/tikz/librarie
s/tikzlibraryarrows.code.tex
(/usr/local/texlive/2025/texmf-dist/tex/generic/pgf/libraries/pgflibraryarrows.
code.tex))
(/usr/local/texlive/2025/texmf-dist/tex/generic/pgf/frontendlayer/tikz/librarie
s/tikzlibrarypositioning.code.tex)
(/usr/local/texlive/2025/texmf-dist/tex/generic/pgf/frontendlayer/tikz/librarie
s/tikzlibraryfit.code.tex)
(/usr/local/texlive/2025/texmf-dist/tex/generic/pgf/frontendlayer/tikz/librarie
s/tikzlibrarybackgrounds.code.tex) Excluding comment 'screenonly'
Include comment 'printonly' Excluding comment 'anonsuppress'
Excluding comment 'acks'
(/usr/local/texlive/2025/texmf-dist/tex/latex/l3backend/l3backend-pdftex.def)

LaTeX Warning: Unused global option(s):
    [balance=false].

(./paper.aux) (/usr/local/texlive/2025/texmf-dist/tex/latex/newtx/omlnxlmi.fd)
(/usr/local/texlive/2025/texmf-dist/tex/latex/newtx/untxexa.fd)
(/usr/local/texlive/2025/texmf-dist/tex/latex/newtx/lmsntxsy.fd)
(/usr/local/texlive/2025/texmf-dist/tex/latex/newtx/lmxntxexx.fd)
(/usr/local/texlive/2025/texmf-dist/tex/latex/libertine/OT1LinuxLibertineT-TLF.
fd)<<ot1.cmap>><<oml.cmap>>
(/usr/local/texlive/2025/texmf-dist/tex/latex/amsfonts/umsa.fd)
(/usr/local/texlive/2025/texmf-dist/tex/latex/amsfonts/umsb.fd)
(/usr/local/texlive/2025/texmf-dist/tex/latex/newtx/untxmia.fd)
(/usr/local/texlive/2025/texmf-dist/tex/latex/newtx/untxsym.fd)
(/usr/local/texlive/2025/texmf-dist/tex/latex/newtx/untxsyc.fd) (./paper.out)
(./paper.out)
(/usr/local/texlive/2025/texmf-dist/tex/context/base/mkii/supp-pdf.mkii
[Loading MPS to PDF converter (version 2006.09.02).]
) (/usr/local/texlive/2025/texmf-dist/tex/latex/epstopdf-pkg/epstopdf-base.sty
(/usr/local/texlive/2025/texmf-dist/tex/latex/latexconfig/epstopdf-sys.cfg))
*geometry* driver: auto-detecting
*geometry* detected driver: pdftex
(/usr/local/texlive/2025/texmf-dist/tex/latex/upquote/upquote.sty)
(/usr/local/texlive/2025/texmf-dist/tex/latex/libertine/T1LinuxBiolinumT-TLF.fd
)
Overfull \hbox (3.85251pt too wide) in paragraph at lines 63--63
[][]

(/usr/local/texlive/2025/texmf-dist/tex/latex/libertine/TS1LinuxLibertineT-TLF.
fd) (/usr/local/texlive/2025/texmf-dist/tex/latex/microtype/mt-msa.cfg)
(/usr/local/texlive/2025/texmf-dist/tex/latex/microtype/mt-msb.cfg)
Overfull \hbox (4.87984pt too wide) in paragraph at lines 70--71
\T1/LinuxLibertineT-TLF/m/n/9 (-20) Distinct-count met-rics such as Daily Ac-ti
ve Users (DAU) and Monthly


Overfull \hbox (2.17561pt too wide) in paragraph at lines 74--75
\T1/LinuxLibertineT-TLF/m/n/9 (-20) First, \T1/LinuxLibertineT-TLF/m/it/9 (-20)
 pri-vacy reg-u-la-tions \T1/LinuxLibertineT-TLF/m/n/9 (-20) such as GDPR Ar-ti
-cle 17 [[]] and CCPA [[]]

Overfull \hbox (1.5322pt too wide) in paragraph at lines 91--92
[]\T1/LinuxLibertineT-TLF/m/n/9 (-20) We present a \T1/LinuxLibertineT-TLF/b/n/
9 (-20) ref-er-ence ar-chi-tec-ture \T1/LinuxLibertineT-TLF/m/n/9 (-20) for era
sure-compliant,

LaTeX Warning: Reference `def:history-indep' on page 1 undefined on input line 
93.


LaTeX Warning: Reference `sec:pseudonymization' on page 1 undefined on input li
ne 93.


Overfull \hbox (4.608pt too wide) in paragraph at lines 93--94
\T1/LinuxLibertineT-TLF/m/n/9 (-20) release-semantics def-i-ni-tion (Def-i-ni-t
ion []4[]), an ex-plicit \T1/LinuxLibertineT-TLF/m/it/9 (-20) history-

[1.1{/usr/local/texlive/2025/texmf-var/fonts/map/pdftex/updmap/pdftex.map}{/usr
/local/texlive/2025/texmf-dist/fonts/enc/dvips/libertine/lbtn_76gpa5.enc}{/usr/
local/texlive/2025/texmf-dist/fonts/enc/dvips/libertine/lbtn_25tcsq.enc}{/usr/l
ocal/texlive/2025/texmf-dist/fonts/enc/dvips/libertine/lbtn_nh77jq.enc}{/usr/lo
cal/texlive/2025/texmf-dist/fonts/enc/dvips/libertine/lbtn_oexx6f.enc}{/usr/loc
al/texlive/2025/texmf-dist/fonts/enc/dvips/libertine/lbtn_7grukw.enc}{/usr/loca
l/texlive/2025/texmf-dist/fonts/enc/dvips/libertine/lbtn_naooyc.enc} <./cc-by-4
.pdf>]
Overfull \hbox (6.0388pt too wide) in paragraph at lines 97--98
[]\T1/LinuxLibertineT-TLF/m/n/9 (-20) We give a \T1/LinuxLibertineT-TLF/b/n/9 (
-20) pri-vacy anal-y-sis \T1/LinuxLibertineT-TLF/m/n/9 (-20) cov-er-ing each re
-lease (sensitivity-


Overfull \hbox (33.43813pt too wide) in paragraph at lines 126--127
 []\T1/LinuxLibertineT-TLF/m/it/9 (-20) Pseudonymization vs. Anonymiza-tion.[] 
\T1/LinuxLibertineT-TLF/m/n/9 (-20) Our sys-tem per-forms \T1/LinuxLibertineT-T
LF/m/it/9 (-20) pseudonymiza-

[2.2{/usr/local/texlive/2025/texmf-dist/fonts/enc/dvips/libertine/lbtn_ncsllp.e
nc}]
Underfull \vbox (badness 1377) has occurred while \output is active

[3.3]

LaTeX Warning: Reference `sec:privacy-analysis' on page 4 undefined on input li
ne 231.


Overfull \hbox (30.46985pt too wide) in paragraph at lines 235--236
[]\T1/LinuxLibertineT-TLF/m/n/9 (-20) The DP guar-an-tees treat hash func-tions
 as ran-dom or-a-cles. Pseudonymiza-

LaTeX Warning: Reference `sec:future-work' on page 4 undefined on input line 23
8.



LaTeX Warning: Reference `def:history-indep' on page 4 undefined on input line 
270.


LaTeX Warning: Reference `sec:backend-selection' on page 4 undefined on input l
ine 270.


[4.4]

Underfull \vbox (badness 10000) has occurred while \output is active
[5.5] (/usr/local/texlive/2025/texmf-dist/tex/latex/inconsolata/t1zi4.fd)

LaTeX Warning: Reference `def:history-indep' on page 6 undefined on input line 
405.


Overfull \hbox (1.55728pt too wide) in paragraph at lines 405--406
 []\T1/LinuxLibertineT-TLF/m/it/9 (-20) Why tomb-stones are com-pat-i-ble with 
era-sure.[] \T1/LinuxLibertineT-TLF/m/n/9 (-20) A nat-u-ral objection---


LaTeX Warning: Reference `def:history-indep' on page 6 undefined on input line 
411.


Underfull \vbox (badness 10000) has occurred while \output is active
[6.6{/usr/local/texlive/2025/texmf-dist/fonts/enc/dvips/libertine/lbtn_ki75ao.e
nc}{/usr/local/texlive/2025/texmf-dist/fonts/enc/dvips/inconsolata/i4-t1-4.enc}
]
Overfull \hbox (3.11919pt too wide) in paragraph at lines 459--460
\T1/LinuxLibertineT-TLF/m/n/9 (-20) pub-lished re-lease keyed by $\LMS/ntxsy/m/
n/9 ¹\OML/nxlmi/m/it/9 m; d; []\LMS/ntxsy/m/n/9 º$\T1/LinuxLibertineT-TLF/m/n/9
 (-20) . The $[]$ changes

LaTeX Warning: Reference `app:proofs' on page 7 undefined on input line 466.


LaTeX Warning: Reference `prop:epoch-overlap' on page 7 undefined on input line
 475.



LaTeX Warning: Reference `thm:horizon' on page 7 undefined on input line 490.


[7.7]
Overfull \hbox (7.13666pt too wide) in paragraph at lines 523--524
[]\T1/LinuxLibertineT-TLF/b/n/9 (-20) Vectorized Bitmap Op-er-a-tions: \T1/Linu
xLibertineT-TLF/m/n/9 (-20) We im-ple-ment C-optimized

Underfull \vbox (badness 3657) has occurred while \output is active

Overfull \hbox (1.56818pt too wide) in paragraph at lines 543--544
[]\T1/LinuxLibertineT-TLF/b/n/9 (-20) Append-Only Bi-nary Logs: \T1/LinuxLibert
ineT-TLF/m/n/9 (-20) Each day's events are archived

LaTeX Warning: Reference `def:history-indep' on page 8 undefined on input line 
564.


[8.8]

LaTeX Warning: Reference `sec:baseline-comparison' on page 9 undefined on input
 line 620.



[9.9]
Underfull \vbox (badness 10000) has occurred while \output is active

[10.10 <./figs/error_vs_epsilon_set.png> <./figs/budget_consumption.png> <./fig
s/scalability_linear.png>]

(/usr/local/texlive/2025/texmf-dist/tex/generic/stringenc/se-pdfdoc.def)
(/usr/local/texlive/2025/texmf-dist/tex/generic/stringenc/se-utf8.def) [11.11 <
./figs/query_latency.png>]

LaTeX Warning: Reference `sec:telemetry-case' on page 12 undefined on input lin
e 821.


LaTeX Warning: Reference `def:history-indep' on page 12 undefined on input line
 831.



LaTeX Warning: Reference `sec:pseudonymization' on page 12 undefined on input l
ine 835.


LaTeX Warning: Reference `prop:epoch-overlap' on page 12 undefined on input lin
e 835.


LaTeX Warning: Reference `sec:threat-model' on page 12 undefined on input line 
835.

Excluding 'acks' comment.
[12.12]

LaTeX Warning: Reference `sec:privacy-analysis' on page 13 undefined on input l
ine 917.


LaTeX Warning: Reference `thm:horizon' on page 13 undefined on input line 920.



[13.13]

Class acmart Warning: CCS concepts are mandatory for papers over two pages.



[14.14]

LaTeX Warning: Hook 'shipout/lastpage' executed on wrong page (11 not 14).
               Rerun to correct this.

(./paper.aux)

LaTeX Warning: There were undefined references.


LaTeX Warning: Label(s) may have changed. Rerun to get cross-references right.


Package rerunfilecheck Warning: File `paper.out' has changed.
(rerunfilecheck)                Rerun to get outlines right
(rerunfilecheck)                or use package `bookmark'.

 )
(see the transcript file for additional information)
pdfTeX warning (dest): name{figure.caption.28} has been referenced but does not
 exist, replaced by a fixed one


pdfTeX warning (dest): name{figure.caption.24} has been referenced but does not
 exist, replaced by a fixed one


pdfTeX warning (dest): name{table.caption.20} has been referenced but does not 
exist, replaced by a fixed one


pdfTeX warning (dest): name{figure.caption.25} has been referenced but does not
 exist, replaced by a fixed one


pdfTeX warning (dest): name{table.caption.14} has been referenced but does not 
exist, replaced by a fixed one


pdfTeX warning (dest): name{figure.caption.12} has been referenced but does not
 exist, replaced by a fixed one


pdfTeX warning (dest): name{figure.caption.10} has been referenced but does not
 exist, replaced by a fixed one


pdfTeX warning (dest): name{section.12} has been referenced but does not exist,
 replaced by a fixed one


pdfTeX warning (dest): name{subsection.9.4} has been referenced but does not ex
ist, replaced by a fixed one


pdfTeX warning (dest): name{subsection.9.3} has been referenced but does not ex
ist, replaced by a fixed one


pdfTeX warning (dest): name{subsection.9.2} has been referenced but does not ex
ist, replaced by a fixed one


pdfTeX warning (dest): name{subsection.9.1} has been referenced but does not ex
ist, replaced by a fixed one


pdfTeX warning (dest): name{subsection.8.7} has been referenced but does not ex
ist, replaced by a fixed one


pdfTeX warning (dest): name{subsection.8.6} has been referenced but does not ex
ist, replaced by a fixed one


pdfTeX warning (dest): name{subsection.8.5} has been referenced but does not ex
ist, replaced by a fixed one


pdfTeX warning (dest): name{subsection.8.4} has been referenced but does not ex
ist, replaced by a fixed one


pdfTeX warning (dest): name{subsection.8.3} has been referenced but does not ex
ist, replaced by a fixed one


pdfTeX warning (dest): name{subsection.5.5} has been referenced but does not ex
ist, replaced by a fixed one


pdfTeX warning (dest): name{subsection.5.4} has been referenced but does not ex
ist, replaced by a fixed one


pdfTeX warning (dest): name{subsection.5.3} has been referenced but does not ex
ist, replaced by a fixed one


pdfTeX warning (dest): name{subsection.5.2} has been referenced but does not ex
ist, replaced by a fixed one

</usr/local/texlive/2025/texmf-dist/fonts/type1/public/inconsolata/Inconsolata-
zi4r.pfb></usr/local/texlive/2025/texmf-dist/fonts/type1/public/newtx/Libertine
MathMI.pfb></usr/local/texlive/2025/texmf-dist/fonts/type1/public/newtx/Liberti
neMathMI7.pfb></usr/local/texlive/2025/texmf-dist/fonts/type1/public/newtx/Libe
rtineMathRM.pfb></usr/local/texlive/2025/texmf-dist/fonts/type1/public/libertin
e/LinBiolinumT.pfb></usr/local/texlive/2025/texmf-dist/fonts/type1/public/liber
tine/LinBiolinumTB.pfb></usr/local/texlive/2025/texmf-dist/fonts/type1/public/l
ibertine/LinBiolinumTI.pfb></usr/local/texlive/2025/texmf-dist/fonts/type1/publ
ic/libertine/LinLibertineT.pfb></usr/local/texlive/2025/texmf-dist/fonts/type1/
public/libertine/LinLibertineTB.pfb></usr/local/texlive/2025/texmf-dist/fonts/t
ype1/public/libertine/LinLibertineTBI.pfb></usr/local/texlive/2025/texmf-dist/f
onts/type1/public/libertine/LinLibertineTI.pfb></usr/local/texlive/2025/texmf-d
ist/fonts/type1/public/newtx/NewTXMI.pfb></usr/local/texlive/2025/texmf-dist/fo
nts/type1/public/newtx/NewTXMI7.pfb></usr/local/texlive/2025/texmf-dist/fonts/t
ype1/public/newtx/txexs.pfb></usr/local/texlive/2025/texmf-dist/fonts/type1/pub
lic/newtx/txmiaX.pfb></usr/local/texlive/2025/texmf-dist/fonts/type1/public/new
tx/txsym.pfb></usr/local/texlive/2025/texmf-dist/fonts/type1/public/newtx/txsys
.pfb>
Output written on paper.pdf (14 pages, 1135926 bytes).
Transcript written on paper.log.
Latexmk: Getting log file 'paper.log'
Latexmk: Examining 'paper.fls'
Latexmk: Examining 'paper.log'
Latexmk: References changed.
Latexmk: References changed.
Latexmk: Log file says output to 'paper.pdf'
Latexmk: applying rule 'pdflatex'...
Rule 'pdflatex':  Reasons for rerun
Changed files or newly in use/created:
  paper.aux
  paper.out

------------
Run number 2 of rule 'pdflatex'
------------
------------
Running 'pdflatex  -interaction=nonstopmode -recorder  "paper.tex"'
------------
This is pdfTeX, Version 3.141592653-2.6-1.40.27 (TeX Live 2025) (preloaded format=pdflatex)
 restricted \write18 enabled.
entering extended mode
(./paper.tex
LaTeX2e <2024-11-01> patch level 2
L3 programming layer <2025-01-18>
(./acmart.cls
Document Class: acmart 2024/05/27 v2.08 Typesetting articles for the Associatio
n for Computing Machinery
(/usr/local/texlive/2025/texmf-dist/tex/latex/xkeyval/xkeyval.sty
(/usr/local/texlive/2025/texmf-dist/tex/generic/xkeyval/xkeyval.tex
(/usr/local/texlive/2025/texmf-dist/tex/generic/xkeyval/xkvutils.tex
(/usr/local/texlive/2025/texmf-dist/tex/generic/xkeyval/keyval.tex))))
(/usr/local/texlive/2025/texmf-dist/tex/generic/xstring/xstring.sty
(/usr/local/texlive/2025/texmf-dist/tex/generic/xstring/xstring.tex))
(/usr/local/texlive/2025/texmf-dist/tex/generic/iftex/iftex.sty)
(/usr/local/texlive/2025/texmf-dist/tex/latex/amscls/amsart.cls
Document Class: amsart 2020/05/29 v2.20.6
(/usr/local/texlive/2025/texmf-dist/tex/latex/amsmath/amsmath.sty
For additional information on amsmath, use the `?' option.
(/usr/local/texlive/2025/texmf-dist/tex/latex/amsmath/amstext.sty
(/usr/local/texlive/2025/texmf-dist/tex/latex/amsmath/amsgen.sty))
(/usr/local/texlive/2025/texmf-dist/tex/latex/amsmath/amsbsy.sty)
(/usr/local/texlive/2025/texmf-dist/tex/latex/amsmath/amsopn.sty))
(/usr/local/texlive/2025/texmf-dist/tex/latex/amsfonts/umsa.fd)
(/usr/local/texlive/2025/texmf-dist/tex/latex/amsfonts/amsfonts.sty))
(/usr/local/texlive/2025/texmf-dist/tex/latex/microtype/microtype.sty
(/usr/local/texlive/2025/texmf-dist/tex/latex/etoolbox/etoolbox.sty)
(/usr/local/texlive/2025/texmf-dist/tex/latex/microtype/microtype-pdftex.def)
(/usr/local/texlive/2025/texmf-dist/tex/latex/microtype/microtype.cfg))
(/usr/local/texlive/2025/texmf-dist/tex/latex/booktabs/booktabs.sty)
(/usr/local/texlive/2025/texmf-dist/tex/latex/refcount/refcount.sty
(/usr/local/texlive/2025/texmf-dist/tex/generic/ltxcmds/ltxcmds.sty)
(/usr/local/texlive/2025/texmf-dist/tex/generic/infwarerr/infwarerr.sty))
(/usr/local/texlive/2025/texmf-dist/tex/latex/totpages/totpages.sty
(/usr/local/texlive/2025/texmf-dist/tex/latex/everyshi/everyshi.sty))
(/usr/local/texlive/2025/texmf-dist/tex/latex/environ/environ.sty
(/usr/local/texlive/2025/texmf-dist/tex/latex/trimspaces/trimspaces.sty))
(/usr/local/texlive/2025/texmf-dist/tex/latex/textcase/textcase.sty)
(/usr/local/texlive/2025/texmf-dist/tex/latex/natbib/natbib.sty)
(/usr/local/texlive/2025/texmf-dist/tex/latex/hyperref/hyperref.sty
(/usr/local/texlive/2025/texmf-dist/tex/latex/kvsetkeys/kvsetkeys.sty)
(/usr/local/texlive/2025/texmf-dist/tex/generic/kvdefinekeys/kvdefinekeys.sty)
(/usr/local/texlive/2025/texmf-dist/tex/generic/pdfescape/pdfescape.sty
(/usr/local/texlive/2025/texmf-dist/tex/generic/pdftexcmds/pdftexcmds.sty))
(/usr/local/texlive/2025/texmf-dist/tex/latex/hycolor/hycolor.sty)
(/usr/local/texlive/2025/texmf-dist/tex/latex/hyperref/nameref.sty
(/usr/local/texlive/2025/texmf-dist/tex/generic/gettitlestring/gettitlestring.s
ty (/usr/local/texlive/2025/texmf-dist/tex/latex/kvoptions/kvoptions.sty)))
(/usr/local/texlive/2025/texmf-dist/tex/generic/stringenc/stringenc.sty)
(/usr/local/texlive/2025/texmf-dist/tex/latex/hyperref/pd1enc.def)
(/usr/local/texlive/2025/texmf-dist/tex/generic/intcalc/intcalc.sty)
(/usr/local/texlive/2025/texmf-dist/tex/latex/hyperref/puenc.def)
(/usr/local/texlive/2025/texmf-dist/tex/latex/url/url.sty)
(/usr/local/texlive/2025/texmf-dist/tex/generic/bitset/bitset.sty
(/usr/local/texlive/2025/texmf-dist/tex/generic/bigintcalc/bigintcalc.sty))
(/usr/local/texlive/2025/texmf-dist/tex/latex/base/atbegshi-ltx.sty))
(/usr/local/texlive/2025/texmf-dist/tex/latex/hyperref/hpdftex.def
(/usr/local/texlive/2025/texmf-dist/tex/latex/base/atveryend-ltx.sty)
(/usr/local/texlive/2025/texmf-dist/tex/latex/rerunfilecheck/rerunfilecheck.sty

(/usr/local/texlive/2025/texmf-dist/tex/generic/uniquecounter/uniquecounter.sty
))) (/usr/local/texlive/2025/texmf-dist/tex/latex/hyperxmp/hyperxmp.sty
(/usr/local/texlive/2025/texmf-dist/tex/latex/ifmtarg/ifmtarg.sty)
(/usr/local/texlive/2025/texmf-dist/tex/latex/base/ifthen.sty)
(/usr/local/texlive/2025/texmf-dist/tex/latex/oberdiek/ifdraft.sty)
(/usr/local/texlive/2025/texmf-dist/tex/generic/iftex/ifluatex.sty))
(/usr/local/texlive/2025/texmf-dist/tex/latex/graphics/graphicx.sty
(/usr/local/texlive/2025/texmf-dist/tex/latex/graphics/graphics.sty
(/usr/local/texlive/2025/texmf-dist/tex/latex/graphics/trig.sty)
(/usr/local/texlive/2025/texmf-dist/tex/latex/graphics-cfg/graphics.cfg)
(/usr/local/texlive/2025/texmf-dist/tex/latex/graphics-def/pdftex.def)))
(/usr/local/texlive/2025/texmf-dist/tex/latex/xcolor/xcolor.sty
(/usr/local/texlive/2025/texmf-dist/tex/latex/graphics-cfg/color.cfg)
(/usr/local/texlive/2025/texmf-dist/tex/latex/graphics/mathcolor.ltx))
(/usr/local/texlive/2025/texmf-dist/tex/latex/geometry/geometry.sty
(/usr/local/texlive/2025/texmf-dist/tex/generic/iftex/ifvtex.sty))
(/usr/local/texlive/2025/texmf-dist/tex/latex/ncctools/manyfoot.sty
(/usr/local/texlive/2025/texmf-dist/tex/latex/ncctools/nccfoots.sty))
(/usr/local/texlive/2025/texmf-dist/tex/generic/pdftex/glyphtounicode.tex)
(/usr/local/texlive/2025/texmf-dist/tex/latex/cmap/cmap.sty)
(/usr/local/texlive/2025/texmf-dist/tex/latex/base/fontenc.sty<<t1.cmap>>)
(/usr/local/texlive/2025/texmf-dist/tex/latex/libertine/libertine.sty
(/usr/local/texlive/2025/texmf-dist/tex/generic/iftex/ifxetex.sty)
(/usr/local/texlive/2025/texmf-dist/tex/latex/base/textcomp.sty)
(/usr/local/texlive/2025/texmf-dist/tex/latex/base/fontenc.sty)
(/usr/local/texlive/2025/texmf-dist/tex/latex/fontaxes/fontaxes.sty)
(/usr/local/texlive/2025/texmf-dist/tex/latex/libertine/LinLibertine_I.tex))
(/usr/local/texlive/2025/texmf-dist/tex/latex/inconsolata/zi4.sty
`inconsolata-zi4' v1.12, 2019/05/17 Text macros for Inconsolata (msharpe))
(/usr/local/texlive/2025/texmf-dist/tex/latex/newtx/newtxmath.sty
`newtxmath' v1.754, 2024/09/22 Math macros based originally on txfonts (msharpe
) (/usr/local/texlive/2025/texmf-dist/tex/latex/oberdiek/centernot.sty)
(/usr/local/texlive/2025/texmf-dist/tex/generic/kastrup/binhex.tex)
amsthm NOT loaded
) (/usr/local/texlive/2025/texmf-dist/tex/latex/caption/caption.sty
(/usr/local/texlive/2025/texmf-dist/tex/latex/caption/caption3.sty
(/usr/local/texlive/2025/texmf-dist/tex/latex/caption/caption-ams-smf.sto)))
(/usr/local/texlive/2025/texmf-dist/tex/latex/float/float.sty)
(/usr/local/texlive/2025/texmf-dist/tex/latex/comment/comment.sty
Excluding comment 'comment') Excluding comment 'CCSXML'
(/usr/local/texlive/2025/texmf-dist/tex/latex/fancyhdr/fancyhdr.sty)
Special comment 'acks'
(/usr/local/texlive/2025/texmf-dist/tex/latex/libertine/T1LinuxLibertineT-TLF.f
d)) (./popets.sty)
(/usr/local/texlive/2025/texmf-dist/tex/latex/algorithms/algorithm.sty)
(/usr/local/texlive/2025/texmf-dist/tex/latex/algorithmicx/algpseudocode.sty
(/usr/local/texlive/2025/texmf-dist/tex/latex/algorithmicx/algorithmicx.sty
Document Style algorithmicx 1.2 - a greatly improved `algorithmic' style
)
Document Style - pseudocode environments for use with the `algorithmicx' style
) (/usr/local/texlive/2025/texmf-dist/tex/latex/caption/subcaption.sty)
(/usr/local/texlive/2025/texmf-dist/tex/latex/pgf/frontendlayer/tikz.sty
(/usr/local/texlive/2025/texmf-dist/tex/latex/pgf/basiclayer/pgf.sty
(/usr/local/texlive/2025/texmf-dist/tex/latex/pgf/utilities/pgfrcs.sty
(/usr/local/texlive/2025/texmf-dist/tex/generic/pgf/utilities/pgfutil-common.te
x)
(/usr/local/texlive/2025/texmf-dist/tex/generic/pgf/utilities/pgfutil-latex.def
) (/usr/local/texlive/2025/texmf-dist/tex/generic/pgf/utilities/pgfrcs.code.tex
(/usr/local/texlive/2025/texmf-dist/tex/generic/pgf/pgf.revision.tex)))
(/usr/local/texlive/2025/texmf-dist/tex/latex/pgf/basiclayer/pgfcore.sty
(/usr/local/texlive/2025/texmf-dist/tex/latex/pgf/systemlayer/pgfsys.sty
(/usr/local/texlive/2025/texmf-dist/tex/generic/pgf/systemlayer/pgfsys.code.tex
(/usr/local/texlive/2025/texmf-dist/tex/generic/pgf/utilities/pgfkeys.code.tex
(/usr/local/texlive/2025/texmf-dist/tex/generic/pgf/utilities/pgfkeyslibraryfil
tered.code.tex))
(/usr/local/texlive/2025/texmf-dist/tex/generic/pgf/systemlayer/pgf.cfg)
(/usr/local/texlive/2025/texmf-dist/tex/generic/pgf/systemlayer/pgfsys-pdftex.d
ef
(/usr/local/texlive/2025/texmf-dist/tex/generic/pgf/systemlayer/pgfsys-common-p
df.def)))
(/usr/local/texlive/2025/texmf-dist/tex/generic/pgf/systemlayer/pgfsyssoftpath.
code.tex)
(/usr/local/texlive/2025/texmf-dist/tex/generic/pgf/systemlayer/pgfsysprotocol.
code.tex))
(/usr/local/texlive/2025/texmf-dist/tex/generic/pgf/basiclayer/pgfcore.code.tex
(/usr/local/texlive/2025/texmf-dist/tex/generic/pgf/math/pgfmath.code.tex
(/usr/local/texlive/2025/texmf-dist/tex/generic/pgf/math/pgfmathutil.code.tex)
(/usr/local/texlive/2025/texmf-dist/tex/generic/pgf/math/pgfmathparser.code.tex
)
(/usr/local/texlive/2025/texmf-dist/tex/generic/pgf/math/pgfmathfunctions.code.
tex)
(/usr/local/texlive/2025/texmf-dist/tex/generic/pgf/math/pgfmathfunctions.basic
.code.tex)
(/usr/local/texlive/2025/texmf-dist/tex/generic/pgf/math/pgfmathfunctions.trigo
nometric.code.tex)
(/usr/local/texlive/2025/texmf-dist/tex/generic/pgf/math/pgfmathfunctions.rando
m.code.tex)
(/usr/local/texlive/2025/texmf-dist/tex/generic/pgf/math/pgfmathfunctions.compa
rison.code.tex)
(/usr/local/texlive/2025/texmf-dist/tex/generic/pgf/math/pgfmathfunctions.base.
code.tex)
(/usr/local/texlive/2025/texmf-dist/tex/generic/pgf/math/pgfmathfunctions.round
.code.tex)
(/usr/local/texlive/2025/texmf-dist/tex/generic/pgf/math/pgfmathfunctions.misc.
code.tex)
(/usr/local/texlive/2025/texmf-dist/tex/generic/pgf/math/pgfmathfunctions.integ
erarithmetics.code.tex)
(/usr/local/texlive/2025/texmf-dist/tex/generic/pgf/math/pgfmathcalc.code.tex)
(/usr/local/texlive/2025/texmf-dist/tex/generic/pgf/math/pgfmathfloat.code.tex)
) (/usr/local/texlive/2025/texmf-dist/tex/generic/pgf/math/pgfint.code.tex)
(/usr/local/texlive/2025/texmf-dist/tex/generic/pgf/basiclayer/pgfcorepoints.co
de.tex)
(/usr/local/texlive/2025/texmf-dist/tex/generic/pgf/basiclayer/pgfcorepathconst
ruct.code.tex)
(/usr/local/texlive/2025/texmf-dist/tex/generic/pgf/basiclayer/pgfcorepathusage
.code.tex)
(/usr/local/texlive/2025/texmf-dist/tex/generic/pgf/basiclayer/pgfcorescopes.co
de.tex)
(/usr/local/texlive/2025/texmf-dist/tex/generic/pgf/basiclayer/pgfcoregraphicst
ate.code.tex)
(/usr/local/texlive/2025/texmf-dist/tex/generic/pgf/basiclayer/pgfcoretransform
ations.code.tex)
(/usr/local/texlive/2025/texmf-dist/tex/generic/pgf/basiclayer/pgfcorequick.cod
e.tex)
(/usr/local/texlive/2025/texmf-dist/tex/generic/pgf/basiclayer/pgfcoreobjects.c
ode.tex)
(/usr/local/texlive/2025/texmf-dist/tex/generic/pgf/basiclayer/pgfcorepathproce
ssing.code.tex)
(/usr/local/texlive/2025/texmf-dist/tex/generic/pgf/basiclayer/pgfcorearrows.co
de.tex)
(/usr/local/texlive/2025/texmf-dist/tex/generic/pgf/basiclayer/pgfcoreshade.cod
e.tex)
(/usr/local/texlive/2025/texmf-dist/tex/generic/pgf/basiclayer/pgfcoreimage.cod
e.tex)
(/usr/local/texlive/2025/texmf-dist/tex/generic/pgf/basiclayer/pgfcoreexternal.
code.tex)
(/usr/local/texlive/2025/texmf-dist/tex/generic/pgf/basiclayer/pgfcorelayers.co
de.tex)
(/usr/local/texlive/2025/texmf-dist/tex/generic/pgf/basiclayer/pgfcoretranspare
ncy.code.tex)
(/usr/local/texlive/2025/texmf-dist/tex/generic/pgf/basiclayer/pgfcorepatterns.
code.tex)
(/usr/local/texlive/2025/texmf-dist/tex/generic/pgf/basiclayer/pgfcorerdf.code.
tex)))
(/usr/local/texlive/2025/texmf-dist/tex/generic/pgf/modules/pgfmoduleshapes.cod
e.tex)
(/usr/local/texlive/2025/texmf-dist/tex/generic/pgf/modules/pgfmoduleplot.code.
tex)
(/usr/local/texlive/2025/texmf-dist/tex/latex/pgf/compatibility/pgfcomp-version
-0-65.sty)
(/usr/local/texlive/2025/texmf-dist/tex/latex/pgf/compatibility/pgfcomp-version
-1-18.sty))
(/usr/local/texlive/2025/texmf-dist/tex/latex/pgf/utilities/pgffor.sty
(/usr/local/texlive/2025/texmf-dist/tex/latex/pgf/utilities/pgfkeys.sty
(/usr/local/texlive/2025/texmf-dist/tex/generic/pgf/utilities/pgfkeys.code.tex)
) (/usr/local/texlive/2025/texmf-dist/tex/latex/pgf/math/pgfmath.sty
(/usr/local/texlive/2025/texmf-dist/tex/generic/pgf/math/pgfmath.code.tex))
(/usr/local/texlive/2025/texmf-dist/tex/generic/pgf/utilities/pgffor.code.tex))

(/usr/local/texlive/2025/texmf-dist/tex/generic/pgf/frontendlayer/tikz/tikz.cod
e.tex
(/usr/local/texlive/2025/texmf-dist/tex/generic/pgf/libraries/pgflibraryplothan
dlers.code.tex)
(/usr/local/texlive/2025/texmf-dist/tex/generic/pgf/modules/pgfmodulematrix.cod
e.tex)
(/usr/local/texlive/2025/texmf-dist/tex/generic/pgf/frontendlayer/tikz/librarie
s/tikzlibrarytopaths.code.tex)))
(/usr/local/texlive/2025/texmf-dist/tex/generic/pgf/frontendlayer/tikz/librarie
s/tikzlibraryshapes.code.tex
(/usr/local/texlive/2025/texmf-dist/tex/generic/pgf/frontendlayer/tikz/librarie
s/tikzlibraryshapes.geometric.code.tex
(/usr/local/texlive/2025/texmf-dist/tex/generic/pgf/libraries/shapes/pgflibrary
shapes.geometric.code.tex))
(/usr/local/texlive/2025/texmf-dist/tex/generic/pgf/frontendlayer/tikz/librarie
s/tikzlibraryshapes.misc.code.tex
(/usr/local/texlive/2025/texmf-dist/tex/generic/pgf/libraries/shapes/pgflibrary
shapes.misc.code.tex))
(/usr/local/texlive/2025/texmf-dist/tex/generic/pgf/frontendlayer/tikz/librarie
s/tikzlibraryshapes.symbols.code.tex
(/usr/local/texlive/2025/texmf-dist/tex/generic/pgf/libraries/shapes/pgflibrary
shapes.symbols.code.tex))
(/usr/local/texlive/2025/texmf-dist/tex/generic/pgf/frontendlayer/tikz/librarie
s/tikzlibraryshapes.arrows.code.tex
(/usr/local/texlive/2025/texmf-dist/tex/generic/pgf/libraries/shapes/pgflibrary
shapes.arrows.code.tex))
(/usr/local/texlive/2025/texmf-dist/tex/generic/pgf/frontendlayer/tikz/librarie
s/tikzlibraryshapes.callouts.code.tex
(/usr/local/texlive/2025/texmf-dist/tex/generic/pgf/libraries/shapes/pgflibrary
shapes.callouts.code.tex))
(/usr/local/texlive/2025/texmf-dist/tex/generic/pgf/frontendlayer/tikz/librarie
s/tikzlibraryshapes.multipart.code.tex
(/usr/local/texlive/2025/texmf-dist/tex/generic/pgf/libraries/shapes/pgflibrary
shapes.multipart.code.tex)))
(/usr/local/texlive/2025/texmf-dist/tex/generic/pgf/frontendlayer/tikz/librarie
s/tikzlibraryarrows.code.tex
(/usr/local/texlive/2025/texmf-dist/tex/generic/pgf/libraries/pgflibraryarrows.
code.tex))
(/usr/local/texlive/2025/texmf-dist/tex/generic/pgf/frontendlayer/tikz/librarie
s/tikzlibrarypositioning.code.tex)
(/usr/local/texlive/2025/texmf-dist/tex/generic/pgf/frontendlayer/tikz/librarie
s/tikzlibraryfit.code.tex)
(/usr/local/texlive/2025/texmf-dist/tex/generic/pgf/frontendlayer/tikz/librarie
s/tikzlibrarybackgrounds.code.tex) Excluding comment 'screenonly'
Include comment 'printonly' Excluding comment 'anonsuppress'
Excluding comment 'acks'
(/usr/local/texlive/2025/texmf-dist/tex/latex/l3backend/l3backend-pdftex.def)

LaTeX Warning: Unused global option(s):
    [balance=false].

(./paper.aux) (/usr/local/texlive/2025/texmf-dist/tex/latex/newtx/omlnxlmi.fd)
(/usr/local/texlive/2025/texmf-dist/tex/latex/newtx/untxexa.fd)
(/usr/local/texlive/2025/texmf-dist/tex/latex/newtx/lmsntxsy.fd)
(/usr/local/texlive/2025/texmf-dist/tex/latex/newtx/lmxntxexx.fd)
(/usr/local/texlive/2025/texmf-dist/tex/latex/libertine/OT1LinuxLibertineT-TLF.
fd)<<ot1.cmap>><<oml.cmap>>
(/usr/local/texlive/2025/texmf-dist/tex/latex/amsfonts/umsa.fd)
(/usr/local/texlive/2025/texmf-dist/tex/latex/amsfonts/umsb.fd)
(/usr/local/texlive/2025/texmf-dist/tex/latex/newtx/untxmia.fd)
(/usr/local/texlive/2025/texmf-dist/tex/latex/newtx/untxsym.fd)
(/usr/local/texlive/2025/texmf-dist/tex/latex/newtx/untxsyc.fd) (./paper.out)
(./paper.out)
(/usr/local/texlive/2025/texmf-dist/tex/context/base/mkii/supp-pdf.mkii
[Loading MPS to PDF converter (version 2006.09.02).]
) (/usr/local/texlive/2025/texmf-dist/tex/latex/epstopdf-pkg/epstopdf-base.sty
(/usr/local/texlive/2025/texmf-dist/tex/latex/latexconfig/epstopdf-sys.cfg))
*geometry* driver: auto-detecting
*geometry* detected driver: pdftex
(/usr/local/texlive/2025/texmf-dist/tex/latex/upquote/upquote.sty)
(/usr/local/texlive/2025/texmf-dist/tex/latex/libertine/T1LinuxBiolinumT-TLF.fd
)
Overfull \hbox (3.85251pt too wide) in paragraph at lines 63--63
[][]

(/usr/local/texlive/2025/texmf-dist/tex/latex/libertine/TS1LinuxLibertineT-TLF.
fd) (/usr/local/texlive/2025/texmf-dist/tex/latex/microtype/mt-msa.cfg)
(/usr/local/texlive/2025/texmf-dist/tex/latex/microtype/mt-msb.cfg)
Overfull \hbox (4.87984pt too wide) in paragraph at lines 70--71
\T1/LinuxLibertineT-TLF/m/n/9 (-20) Distinct-count met-rics such as Daily Ac-ti
ve Users (DAU) and Monthly


Overfull \hbox (2.17561pt too wide) in paragraph at lines 74--75
\T1/LinuxLibertineT-TLF/m/n/9 (-20) First, \T1/LinuxLibertineT-TLF/m/it/9 (-20)
 pri-vacy reg-u-la-tions \T1/LinuxLibertineT-TLF/m/n/9 (-20) such as GDPR Ar-ti
-cle 17 [[]] and CCPA [[]]

Overfull \hbox (1.5322pt too wide) in paragraph at lines 91--92
[]\T1/LinuxLibertineT-TLF/m/n/9 (-20) We present a \T1/LinuxLibertineT-TLF/b/n/
9 (-20) ref-er-ence ar-chi-tec-ture \T1/LinuxLibertineT-TLF/m/n/9 (-20) for era
sure-compliant,

Overfull \hbox (4.608pt too wide) in paragraph at lines 93--94
\T1/LinuxLibertineT-TLF/m/n/9 (-20) release-semantics def-i-ni-tion (Def-i-ni-t
ion []4[]), an ex-plicit \T1/LinuxLibertineT-TLF/m/it/9 (-20) history-

[1.1{/usr/local/texlive/2025/texmf-var/fonts/map/pdftex/updmap/pdftex.map}{/usr
/local/texlive/2025/texmf-dist/fonts/enc/dvips/libertine/lbtn_76gpa5.enc}{/usr/
local/texlive/2025/texmf-dist/fonts/enc/dvips/libertine/lbtn_25tcsq.enc}{/usr/l
ocal/texlive/2025/texmf-dist/fonts/enc/dvips/libertine/lbtn_nh77jq.enc}{/usr/lo
cal/texlive/2025/texmf-dist/fonts/enc/dvips/libertine/lbtn_oexx6f.enc}{/usr/loc
al/texlive/2025/texmf-dist/fonts/enc/dvips/libertine/lbtn_7grukw.enc}{/usr/loca
l/texlive/2025/texmf-dist/fonts/enc/dvips/libertine/lbtn_naooyc.enc} <./cc-by-4
.pdf>]
Overfull \hbox (6.0388pt too wide) in paragraph at lines 97--98
[]\T1/LinuxLibertineT-TLF/m/n/9 (-20) We give a \T1/LinuxLibertineT-TLF/b/n/9 (
-20) pri-vacy anal-y-sis \T1/LinuxLibertineT-TLF/m/n/9 (-20) cov-er-ing each re
-lease (sensitivity-


Overfull \hbox (33.43813pt too wide) in paragraph at lines 126--127
 []\T1/LinuxLibertineT-TLF/m/it/9 (-20) Pseudonymization vs. Anonymiza-tion.[] 
\T1/LinuxLibertineT-TLF/m/n/9 (-20) Our sys-tem per-forms \T1/LinuxLibertineT-T
LF/m/it/9 (-20) pseudonymiza-

[2.2{/usr/local/texlive/2025/texmf-dist/fonts/enc/dvips/libertine/lbtn_ncsllp.e
nc}]
Underfull \vbox (badness 1377) has occurred while \output is active

[3.3]
Overfull \hbox (30.46985pt too wide) in paragraph at lines 235--236
[]\T1/LinuxLibertineT-TLF/m/n/9 (-20) The DP guar-an-tees treat hash func-tions
 as ran-dom or-a-cles. Pseudonymiza-


[4.4]

Underfull \vbox (badness 10000) has occurred while \output is active
[5.5] (/usr/local/texlive/2025/texmf-dist/tex/latex/inconsolata/t1zi4.fd)
Overfull \hbox (1.55728pt too wide) in paragraph at lines 405--406
 []\T1/LinuxLibertineT-TLF/m/it/9 (-20) Why tomb-stones are com-pat-i-ble with 
era-sure.[] \T1/LinuxLibertineT-TLF/m/n/9 (-20) A nat-u-ral objection---


Underfull \vbox (badness 10000) has occurred while \output is active
[6.6{/usr/local/texlive/2025/texmf-dist/fonts/enc/dvips/libertine/lbtn_ki75ao.e
nc}{/usr/local/texlive/2025/texmf-dist/fonts/enc/dvips/inconsolata/i4-t1-4.enc}
]
Overfull \hbox (3.11919pt too wide) in paragraph at lines 459--460
\T1/LinuxLibertineT-TLF/m/n/9 (-20) pub-lished re-lease keyed by $\LMS/ntxsy/m/
n/9 ¹\OML/nxlmi/m/it/9 m; d; []\LMS/ntxsy/m/n/9 º$\T1/LinuxLibertineT-TLF/m/n/9
 (-20) . The $[]$ changes


[7.7]
Overfull \hbox (7.13666pt too wide) in paragraph at lines 523--524
[]\T1/LinuxLibertineT-TLF/b/n/9 (-20) Vectorized Bitmap Op-er-a-tions: \T1/Linu
xLibertineT-TLF/m/n/9 (-20) We im-ple-ment C-optimized

Underfull \vbox (badness 3657) has occurred while \output is active

Overfull \hbox (1.56818pt too wide) in paragraph at lines 543--544
[]\T1/LinuxLibertineT-TLF/b/n/9 (-20) Append-Only Bi-nary Logs: \T1/LinuxLibert
ineT-TLF/m/n/9 (-20) Each day's events are archived

[8.8]

[9.9]
Underfull \vbox (badness 10000) has occurred while \output is active

[10.10 <./figs/error_vs_epsilon_set.png> <./figs/budget_consumption.png> <./fig
s/scalability_linear.png>]

[11.11 <./figs/query_latency.png>]

[12.12] Excluding 'acks' comment.

[13.13]

Class acmart Warning: CCS concepts are mandatory for papers over two pages.


(/usr/local/texlive/2025/texmf-dist/tex/generic/stringenc/se-pdfdoc.def)
(/usr/local/texlive/2025/texmf-dist/tex/generic/stringenc/se-utf8.def) [14.14]
(./paper.aux)

Package rerunfilecheck Warning: File `paper.out' has changed.
(rerunfilecheck)                Rerun to get outlines right
(rerunfilecheck)                or use package `bookmark'.

 )
(see the transcript file for additional information)</usr/local/texlive/2025/te
xmf-dist/fonts/type1/public/inconsolata/Inconsolata-zi4r.pfb></usr/local/texliv
e/2025/texmf-dist/fonts/type1/public/newtx/LibertineMathMI.pfb></usr/local/texl
ive/2025/texmf-dist/fonts/type1/public/newtx/LibertineMathMI7.pfb></usr/local/t
exlive/2025/texmf-dist/fonts/type1/public/newtx/LibertineMathRM.pfb></usr/local
/texlive/2025/texmf-dist/fonts/type1/public/libertine/LinBiolinumT.pfb></usr/lo
cal/texlive/2025/texmf-dist/fonts/type1/public/libertine/LinBiolinumTB.pfb></us
r/local/texlive/2025/texmf-dist/fonts/type1/public/libertine/LinBiolinumTI.pfb>
</usr/local/texlive/2025/texmf-dist/fonts/type1/public/libertine/LinLibertineT.
pfb></usr/local/texlive/2025/texmf-dist/fonts/type1/public/libertine/LinLiberti
neTB.pfb></usr/local/texlive/2025/texmf-dist/fonts/type1/public/libertine/LinLi
bertineTBI.pfb></usr/local/texlive/2025/texmf-dist/fonts/type1/public/libertine
/LinLibertineTI.pfb></usr/local/texlive/2025/texmf-dist/fonts/type1/public/newt
x/NewTXMI.pfb></usr/local/texlive/2025/texmf-dist/fonts/type1/public/newtx/NewT
XMI7.pfb></usr/local/texlive/2025/texmf-dist/fonts/type1/public/newtx/txexs.pfb
></usr/local/texlive/2025/texmf-dist/fonts/type1/public/newtx/txmiaX.pfb></usr/
local/texlive/2025/texmf-dist/fonts/type1/public/newtx/txsym.pfb></usr/local/te
xlive/2025/texmf-dist/fonts/type1/public/newtx/txsys.pfb>
Output written on paper.pdf (14 pages, 1136030 bytes).
Transcript written on paper.log.
Latexmk: Getting log file 'paper.log'
Latexmk: Examining 'paper.fls'
Latexmk: Examining 'paper.log'
Latexmk: References changed.
Latexmk: Log file says output to 'paper.pdf'
Latexmk: applying rule 'pdflatex'...
Rule 'pdflatex':  Reasons for rerun
Changed files or newly in use/created:
  paper.aux
  paper.out

------------
Run number 3 of rule 'pdflatex'
------------
------------
Running 'pdflatex  -interaction=nonstopmode -recorder  "paper.tex"'
------------
This is pdfTeX, Version 3.141592653-2.6-1.40.27 (TeX Live 2025) (preloaded format=pdflatex)
 restricted \write18 enabled.
entering extended mode
(./paper.tex
LaTeX2e <2024-11-01> patch level 2
L3 programming layer <2025-01-18>
(./acmart.cls
Document Class: acmart 2024/05/27 v2.08 Typesetting articles for the Associatio
n for Computing Machinery
(/usr/local/texlive/2025/texmf-dist/tex/latex/xkeyval/xkeyval.sty
(/usr/local/texlive/2025/texmf-dist/tex/generic/xkeyval/xkeyval.tex
(/usr/local/texlive/2025/texmf-dist/tex/generic/xkeyval/xkvutils.tex
(/usr/local/texlive/2025/texmf-dist/tex/generic/xkeyval/keyval.tex))))
(/usr/local/texlive/2025/texmf-dist/tex/generic/xstring/xstring.sty
(/usr/local/texlive/2025/texmf-dist/tex/generic/xstring/xstring.tex))
(/usr/local/texlive/2025/texmf-dist/tex/generic/iftex/iftex.sty)
(/usr/local/texlive/2025/texmf-dist/tex/latex/amscls/amsart.cls
Document Class: amsart 2020/05/29 v2.20.6
(/usr/local/texlive/2025/texmf-dist/tex/latex/amsmath/amsmath.sty
For additional information on amsmath, use the `?' option.
(/usr/local/texlive/2025/texmf-dist/tex/latex/amsmath/amstext.sty
(/usr/local/texlive/2025/texmf-dist/tex/latex/amsmath/amsgen.sty))
(/usr/local/texlive/2025/texmf-dist/tex/latex/amsmath/amsbsy.sty)
(/usr/local/texlive/2025/texmf-dist/tex/latex/amsmath/amsopn.sty))
(/usr/local/texlive/2025/texmf-dist/tex/latex/amsfonts/umsa.fd)
(/usr/local/texlive/2025/texmf-dist/tex/latex/amsfonts/amsfonts.sty))
(/usr/local/texlive/2025/texmf-dist/tex/latex/microtype/microtype.sty
(/usr/local/texlive/2025/texmf-dist/tex/latex/etoolbox/etoolbox.sty)
(/usr/local/texlive/2025/texmf-dist/tex/latex/microtype/microtype-pdftex.def)
(/usr/local/texlive/2025/texmf-dist/tex/latex/microtype/microtype.cfg))
(/usr/local/texlive/2025/texmf-dist/tex/latex/booktabs/booktabs.sty)
(/usr/local/texlive/2025/texmf-dist/tex/latex/refcount/refcount.sty
(/usr/local/texlive/2025/texmf-dist/tex/generic/ltxcmds/ltxcmds.sty)
(/usr/local/texlive/2025/texmf-dist/tex/generic/infwarerr/infwarerr.sty))
(/usr/local/texlive/2025/texmf-dist/tex/latex/totpages/totpages.sty
(/usr/local/texlive/2025/texmf-dist/tex/latex/everyshi/everyshi.sty))
(/usr/local/texlive/2025/texmf-dist/tex/latex/environ/environ.sty
(/usr/local/texlive/2025/texmf-dist/tex/latex/trimspaces/trimspaces.sty))
(/usr/local/texlive/2025/texmf-dist/tex/latex/textcase/textcase.sty)
(/usr/local/texlive/2025/texmf-dist/tex/latex/natbib/natbib.sty)
(/usr/local/texlive/2025/texmf-dist/tex/latex/hyperref/hyperref.sty
(/usr/local/texlive/2025/texmf-dist/tex/latex/kvsetkeys/kvsetkeys.sty)
(/usr/local/texlive/2025/texmf-dist/tex/generic/kvdefinekeys/kvdefinekeys.sty)
(/usr/local/texlive/2025/texmf-dist/tex/generic/pdfescape/pdfescape.sty
(/usr/local/texlive/2025/texmf-dist/tex/generic/pdftexcmds/pdftexcmds.sty))
(/usr/local/texlive/2025/texmf-dist/tex/latex/hycolor/hycolor.sty)
(/usr/local/texlive/2025/texmf-dist/tex/latex/hyperref/nameref.sty
(/usr/local/texlive/2025/texmf-dist/tex/generic/gettitlestring/gettitlestring.s
ty (/usr/local/texlive/2025/texmf-dist/tex/latex/kvoptions/kvoptions.sty)))
(/usr/local/texlive/2025/texmf-dist/tex/generic/stringenc/stringenc.sty)
(/usr/local/texlive/2025/texmf-dist/tex/latex/hyperref/pd1enc.def)
(/usr/local/texlive/2025/texmf-dist/tex/generic/intcalc/intcalc.sty)
(/usr/local/texlive/2025/texmf-dist/tex/latex/hyperref/puenc.def)
(/usr/local/texlive/2025/texmf-dist/tex/latex/url/url.sty)
(/usr/local/texlive/2025/texmf-dist/tex/generic/bitset/bitset.sty
(/usr/local/texlive/2025/texmf-dist/tex/generic/bigintcalc/bigintcalc.sty))
(/usr/local/texlive/2025/texmf-dist/tex/latex/base/atbegshi-ltx.sty))
(/usr/local/texlive/2025/texmf-dist/tex/latex/hyperref/hpdftex.def
(/usr/local/texlive/2025/texmf-dist/tex/latex/base/atveryend-ltx.sty)
(/usr/local/texlive/2025/texmf-dist/tex/latex/rerunfilecheck/rerunfilecheck.sty

(/usr/local/texlive/2025/texmf-dist/tex/generic/uniquecounter/uniquecounter.sty
))) (/usr/local/texlive/2025/texmf-dist/tex/latex/hyperxmp/hyperxmp.sty
(/usr/local/texlive/2025/texmf-dist/tex/latex/ifmtarg/ifmtarg.sty)
(/usr/local/texlive/2025/texmf-dist/tex/latex/base/ifthen.sty)
(/usr/local/texlive/2025/texmf-dist/tex/latex/oberdiek/ifdraft.sty)
(/usr/local/texlive/2025/texmf-dist/tex/generic/iftex/ifluatex.sty))
(/usr/local/texlive/2025/texmf-dist/tex/latex/graphics/graphicx.sty
(/usr/local/texlive/2025/texmf-dist/tex/latex/graphics/graphics.sty
(/usr/local/texlive/2025/texmf-dist/tex/latex/graphics/trig.sty)
(/usr/local/texlive/2025/texmf-dist/tex/latex/graphics-cfg/graphics.cfg)
(/usr/local/texlive/2025/texmf-dist/tex/latex/graphics-def/pdftex.def)))
(/usr/local/texlive/2025/texmf-dist/tex/latex/xcolor/xcolor.sty
(/usr/local/texlive/2025/texmf-dist/tex/latex/graphics-cfg/color.cfg)
(/usr/local/texlive/2025/texmf-dist/tex/latex/graphics/mathcolor.ltx))
(/usr/local/texlive/2025/texmf-dist/tex/latex/geometry/geometry.sty
(/usr/local/texlive/2025/texmf-dist/tex/generic/iftex/ifvtex.sty))
(/usr/local/texlive/2025/texmf-dist/tex/latex/ncctools/manyfoot.sty
(/usr/local/texlive/2025/texmf-dist/tex/latex/ncctools/nccfoots.sty))
(/usr/local/texlive/2025/texmf-dist/tex/generic/pdftex/glyphtounicode.tex)
(/usr/local/texlive/2025/texmf-dist/tex/latex/cmap/cmap.sty)
(/usr/local/texlive/2025/texmf-dist/tex/latex/base/fontenc.sty<<t1.cmap>>)
(/usr/local/texlive/2025/texmf-dist/tex/latex/libertine/libertine.sty
(/usr/local/texlive/2025/texmf-dist/tex/generic/iftex/ifxetex.sty)
(/usr/local/texlive/2025/texmf-dist/tex/latex/base/textcomp.sty)
(/usr/local/texlive/2025/texmf-dist/tex/latex/base/fontenc.sty)
(/usr/local/texlive/2025/texmf-dist/tex/latex/fontaxes/fontaxes.sty)
(/usr/local/texlive/2025/texmf-dist/tex/latex/libertine/LinLibertine_I.tex))
(/usr/local/texlive/2025/texmf-dist/tex/latex/inconsolata/zi4.sty
`inconsolata-zi4' v1.12, 2019/05/17 Text macros for Inconsolata (msharpe))
(/usr/local/texlive/2025/texmf-dist/tex/latex/newtx/newtxmath.sty
`newtxmath' v1.754, 2024/09/22 Math macros based originally on txfonts (msharpe
) (/usr/local/texlive/2025/texmf-dist/tex/latex/oberdiek/centernot.sty)
(/usr/local/texlive/2025/texmf-dist/tex/generic/kastrup/binhex.tex)
amsthm NOT loaded
) (/usr/local/texlive/2025/texmf-dist/tex/latex/caption/caption.sty
(/usr/local/texlive/2025/texmf-dist/tex/latex/caption/caption3.sty
(/usr/local/texlive/2025/texmf-dist/tex/latex/caption/caption-ams-smf.sto)))
(/usr/local/texlive/2025/texmf-dist/tex/latex/float/float.sty)
(/usr/local/texlive/2025/texmf-dist/tex/latex/comment/comment.sty
Excluding comment 'comment') Excluding comment 'CCSXML'
(/usr/local/texlive/2025/texmf-dist/tex/latex/fancyhdr/fancyhdr.sty)
Special comment 'acks'
(/usr/local/texlive/2025/texmf-dist/tex/latex/libertine/T1LinuxLibertineT-TLF.f
d)) (./popets.sty)
(/usr/local/texlive/2025/texmf-dist/tex/latex/algorithms/algorithm.sty)
(/usr/local/texlive/2025/texmf-dist/tex/latex/algorithmicx/algpseudocode.sty
(/usr/local/texlive/2025/texmf-dist/tex/latex/algorithmicx/algorithmicx.sty
Document Style algorithmicx 1.2 - a greatly improved `algorithmic' style
)
Document Style - pseudocode environments for use with the `algorithmicx' style
) (/usr/local/texlive/2025/texmf-dist/tex/latex/caption/subcaption.sty)
(/usr/local/texlive/2025/texmf-dist/tex/latex/pgf/frontendlayer/tikz.sty
(/usr/local/texlive/2025/texmf-dist/tex/latex/pgf/basiclayer/pgf.sty
(/usr/local/texlive/2025/texmf-dist/tex/latex/pgf/utilities/pgfrcs.sty
(/usr/local/texlive/2025/texmf-dist/tex/generic/pgf/utilities/pgfutil-common.te
x)
(/usr/local/texlive/2025/texmf-dist/tex/generic/pgf/utilities/pgfutil-latex.def
) (/usr/local/texlive/2025/texmf-dist/tex/generic/pgf/utilities/pgfrcs.code.tex
(/usr/local/texlive/2025/texmf-dist/tex/generic/pgf/pgf.revision.tex)))
(/usr/local/texlive/2025/texmf-dist/tex/latex/pgf/basiclayer/pgfcore.sty
(/usr/local/texlive/2025/texmf-dist/tex/latex/pgf/systemlayer/pgfsys.sty
(/usr/local/texlive/2025/texmf-dist/tex/generic/pgf/systemlayer/pgfsys.code.tex
(/usr/local/texlive/2025/texmf-dist/tex/generic/pgf/utilities/pgfkeys.code.tex
(/usr/local/texlive/2025/texmf-dist/tex/generic/pgf/utilities/pgfkeyslibraryfil
tered.code.tex))
(/usr/local/texlive/2025/texmf-dist/tex/generic/pgf/systemlayer/pgf.cfg)
(/usr/local/texlive/2025/texmf-dist/tex/generic/pgf/systemlayer/pgfsys-pdftex.d
ef
(/usr/local/texlive/2025/texmf-dist/tex/generic/pgf/systemlayer/pgfsys-common-p
df.def)))
(/usr/local/texlive/2025/texmf-dist/tex/generic/pgf/systemlayer/pgfsyssoftpath.
code.tex)
(/usr/local/texlive/2025/texmf-dist/tex/generic/pgf/systemlayer/pgfsysprotocol.
code.tex))
(/usr/local/texlive/2025/texmf-dist/tex/generic/pgf/basiclayer/pgfcore.code.tex
(/usr/local/texlive/2025/texmf-dist/tex/generic/pgf/math/pgfmath.code.tex
(/usr/local/texlive/2025/texmf-dist/tex/generic/pgf/math/pgfmathutil.code.tex)
(/usr/local/texlive/2025/texmf-dist/tex/generic/pgf/math/pgfmathparser.code.tex
)
(/usr/local/texlive/2025/texmf-dist/tex/generic/pgf/math/pgfmathfunctions.code.
tex)
(/usr/local/texlive/2025/texmf-dist/tex/generic/pgf/math/pgfmathfunctions.basic
.code.tex)
(/usr/local/texlive/2025/texmf-dist/tex/generic/pgf/math/pgfmathfunctions.trigo
nometric.code.tex)
(/usr/local/texlive/2025/texmf-dist/tex/generic/pgf/math/pgfmathfunctions.rando
m.code.tex)
(/usr/local/texlive/2025/texmf-dist/tex/generic/pgf/math/pgfmathfunctions.compa
rison.code.tex)
(/usr/local/texlive/2025/texmf-dist/tex/generic/pgf/math/pgfmathfunctions.base.
code.tex)
(/usr/local/texlive/2025/texmf-dist/tex/generic/pgf/math/pgfmathfunctions.round
.code.tex)
(/usr/local/texlive/2025/texmf-dist/tex/generic/pgf/math/pgfmathfunctions.misc.
code.tex)
(/usr/local/texlive/2025/texmf-dist/tex/generic/pgf/math/pgfmathfunctions.integ
erarithmetics.code.tex)
(/usr/local/texlive/2025/texmf-dist/tex/generic/pgf/math/pgfmathcalc.code.tex)
(/usr/local/texlive/2025/texmf-dist/tex/generic/pgf/math/pgfmathfloat.code.tex)
) (/usr/local/texlive/2025/texmf-dist/tex/generic/pgf/math/pgfint.code.tex)
(/usr/local/texlive/2025/texmf-dist/tex/generic/pgf/basiclayer/pgfcorepoints.co
de.tex)
(/usr/local/texlive/2025/texmf-dist/tex/generic/pgf/basiclayer/pgfcorepathconst
ruct.code.tex)
(/usr/local/texlive/2025/texmf-dist/tex/generic/pgf/basiclayer/pgfcorepathusage
.code.tex)
(/usr/local/texlive/2025/texmf-dist/tex/generic/pgf/basiclayer/pgfcorescopes.co
de.tex)
(/usr/local/texlive/2025/texmf-dist/tex/generic/pgf/basiclayer/pgfcoregraphicst
ate.code.tex)
(/usr/local/texlive/2025/texmf-dist/tex/generic/pgf/basiclayer/pgfcoretransform
ations.code.tex)
(/usr/local/texlive/2025/texmf-dist/tex/generic/pgf/basiclayer/pgfcorequick.cod
e.tex)
(/usr/local/texlive/2025/texmf-dist/tex/generic/pgf/basiclayer/pgfcoreobjects.c
ode.tex)
(/usr/local/texlive/2025/texmf-dist/tex/generic/pgf/basiclayer/pgfcorepathproce
ssing.code.tex)
(/usr/local/texlive/2025/texmf-dist/tex/generic/pgf/basiclayer/pgfcorearrows.co
de.tex)
(/usr/local/texlive/2025/texmf-dist/tex/generic/pgf/basiclayer/pgfcoreshade.cod
e.tex)
(/usr/local/texlive/2025/texmf-dist/tex/generic/pgf/basiclayer/pgfcoreimage.cod
e.tex)
(/usr/local/texlive/2025/texmf-dist/tex/generic/pgf/basiclayer/pgfcoreexternal.
code.tex)
(/usr/local/texlive/2025/texmf-dist/tex/generic/pgf/basiclayer/pgfcorelayers.co
de.tex)
(/usr/local/texlive/2025/texmf-dist/tex/generic/pgf/basiclayer/pgfcoretranspare
ncy.code.tex)
(/usr/local/texlive/2025/texmf-dist/tex/generic/pgf/basiclayer/pgfcorepatterns.
code.tex)
(/usr/local/texlive/2025/texmf-dist/tex/generic/pgf/basiclayer/pgfcorerdf.code.
tex)))
(/usr/local/texlive/2025/texmf-dist/tex/generic/pgf/modules/pgfmoduleshapes.cod
e.tex)
(/usr/local/texlive/2025/texmf-dist/tex/generic/pgf/modules/pgfmoduleplot.code.
tex)
(/usr/local/texlive/2025/texmf-dist/tex/latex/pgf/compatibility/pgfcomp-version
-0-65.sty)
(/usr/local/texlive/2025/texmf-dist/tex/latex/pgf/compatibility/pgfcomp-version
-1-18.sty))
(/usr/local/texlive/2025/texmf-dist/tex/latex/pgf/utilities/pgffor.sty
(/usr/local/texlive/2025/texmf-dist/tex/latex/pgf/utilities/pgfkeys.sty
(/usr/local/texlive/2025/texmf-dist/tex/generic/pgf/utilities/pgfkeys.code.tex)
) (/usr/local/texlive/2025/texmf-dist/tex/latex/pgf/math/pgfmath.sty
(/usr/local/texlive/2025/texmf-dist/tex/generic/pgf/math/pgfmath.code.tex))
(/usr/local/texlive/2025/texmf-dist/tex/generic/pgf/utilities/pgffor.code.tex))

(/usr/local/texlive/2025/texmf-dist/tex/generic/pgf/frontendlayer/tikz/tikz.cod
e.tex
(/usr/local/texlive/2025/texmf-dist/tex/generic/pgf/libraries/pgflibraryplothan
dlers.code.tex)
(/usr/local/texlive/2025/texmf-dist/tex/generic/pgf/modules/pgfmodulematrix.cod
e.tex)
(/usr/local/texlive/2025/texmf-dist/tex/generic/pgf/frontendlayer/tikz/librarie
s/tikzlibrarytopaths.code.tex)))
(/usr/local/texlive/2025/texmf-dist/tex/generic/pgf/frontendlayer/tikz/librarie
s/tikzlibraryshapes.code.tex
(/usr/local/texlive/2025/texmf-dist/tex/generic/pgf/frontendlayer/tikz/librarie
s/tikzlibraryshapes.geometric.code.tex
(/usr/local/texlive/2025/texmf-dist/tex/generic/pgf/libraries/shapes/pgflibrary
shapes.geometric.code.tex))
(/usr/local/texlive/2025/texmf-dist/tex/generic/pgf/frontendlayer/tikz/librarie
s/tikzlibraryshapes.misc.code.tex
(/usr/local/texlive/2025/texmf-dist/tex/generic/pgf/libraries/shapes/pgflibrary
shapes.misc.code.tex))
(/usr/local/texlive/2025/texmf-dist/tex/generic/pgf/frontendlayer/tikz/librarie
s/tikzlibraryshapes.symbols.code.tex
(/usr/local/texlive/2025/texmf-dist/tex/generic/pgf/libraries/shapes/pgflibrary
shapes.symbols.code.tex))
(/usr/local/texlive/2025/texmf-dist/tex/generic/pgf/frontendlayer/tikz/librarie
s/tikzlibraryshapes.arrows.code.tex
(/usr/local/texlive/2025/texmf-dist/tex/generic/pgf/libraries/shapes/pgflibrary
shapes.arrows.code.tex))
(/usr/local/texlive/2025/texmf-dist/tex/generic/pgf/frontendlayer/tikz/librarie
s/tikzlibraryshapes.callouts.code.tex
(/usr/local/texlive/2025/texmf-dist/tex/generic/pgf/libraries/shapes/pgflibrary
shapes.callouts.code.tex))
(/usr/local/texlive/2025/texmf-dist/tex/generic/pgf/frontendlayer/tikz/librarie
s/tikzlibraryshapes.multipart.code.tex
(/usr/local/texlive/2025/texmf-dist/tex/generic/pgf/libraries/shapes/pgflibrary
shapes.multipart.code.tex)))
(/usr/local/texlive/2025/texmf-dist/tex/generic/pgf/frontendlayer/tikz/librarie
s/tikzlibraryarrows.code.tex
(/usr/local/texlive/2025/texmf-dist/tex/generic/pgf/libraries/pgflibraryarrows.
code.tex))
(/usr/local/texlive/2025/texmf-dist/tex/generic/pgf/frontendlayer/tikz/librarie
s/tikzlibrarypositioning.code.tex)
(/usr/local/texlive/2025/texmf-dist/tex/generic/pgf/frontendlayer/tikz/librarie
s/tikzlibraryfit.code.tex)
(/usr/local/texlive/2025/texmf-dist/tex/generic/pgf/frontendlayer/tikz/librarie
s/tikzlibrarybackgrounds.code.tex) Excluding comment 'screenonly'
Include comment 'printonly' Excluding comment 'anonsuppress'
Excluding comment 'acks'
(/usr/local/texlive/2025/texmf-dist/tex/latex/l3backend/l3backend-pdftex.def)

LaTeX Warning: Unused global option(s):
    [balance=false].

(./paper.aux) (/usr/local/texlive/2025/texmf-dist/tex/latex/newtx/omlnxlmi.fd)
(/usr/local/texlive/2025/texmf-dist/tex/latex/newtx/untxexa.fd)
(/usr/local/texlive/2025/texmf-dist/tex/latex/newtx/lmsntxsy.fd)
(/usr/local/texlive/2025/texmf-dist/tex/latex/newtx/lmxntxexx.fd)
(/usr/local/texlive/2025/texmf-dist/tex/latex/libertine/OT1LinuxLibertineT-TLF.
fd)<<ot1.cmap>><<oml.cmap>>
(/usr/local/texlive/2025/texmf-dist/tex/latex/amsfonts/umsa.fd)
(/usr/local/texlive/2025/texmf-dist/tex/latex/amsfonts/umsb.fd)
(/usr/local/texlive/2025/texmf-dist/tex/latex/newtx/untxmia.fd)
(/usr/local/texlive/2025/texmf-dist/tex/latex/newtx/untxsym.fd)
(/usr/local/texlive/2025/texmf-dist/tex/latex/newtx/untxsyc.fd) (./paper.out)
(./paper.out)
(/usr/local/texlive/2025/texmf-dist/tex/context/base/mkii/supp-pdf.mkii
[Loading MPS to PDF converter (version 2006.09.02).]
) (/usr/local/texlive/2025/texmf-dist/tex/latex/epstopdf-pkg/epstopdf-base.sty
(/usr/local/texlive/2025/texmf-dist/tex/latex/latexconfig/epstopdf-sys.cfg))
*geometry* driver: auto-detecting
*geometry* detected driver: pdftex
(/usr/local/texlive/2025/texmf-dist/tex/latex/upquote/upquote.sty)
(/usr/local/texlive/2025/texmf-dist/tex/latex/libertine/T1LinuxBiolinumT-TLF.fd
)
Overfull \hbox (3.85251pt too wide) in paragraph at lines 63--63
[][]

(/usr/local/texlive/2025/texmf-dist/tex/latex/libertine/TS1LinuxLibertineT-TLF.
fd) (/usr/local/texlive/2025/texmf-dist/tex/latex/microtype/mt-msa.cfg)
(/usr/local/texlive/2025/texmf-dist/tex/latex/microtype/mt-msb.cfg)
Overfull \hbox (4.87984pt too wide) in paragraph at lines 70--71
\T1/LinuxLibertineT-TLF/m/n/9 (-20) Distinct-count met-rics such as Daily Ac-ti
ve Users (DAU) and Monthly


Overfull \hbox (2.17561pt too wide) in paragraph at lines 74--75
\T1/LinuxLibertineT-TLF/m/n/9 (-20) First, \T1/LinuxLibertineT-TLF/m/it/9 (-20)
 pri-vacy reg-u-la-tions \T1/LinuxLibertineT-TLF/m/n/9 (-20) such as GDPR Ar-ti
-cle 17 [[]] and CCPA [[]]

Overfull \hbox (1.5322pt too wide) in paragraph at lines 91--92
[]\T1/LinuxLibertineT-TLF/m/n/9 (-20) We present a \T1/LinuxLibertineT-TLF/b/n/
9 (-20) ref-er-ence ar-chi-tec-ture \T1/LinuxLibertineT-TLF/m/n/9 (-20) for era
sure-compliant,

Overfull \hbox (4.608pt too wide) in paragraph at lines 93--94
\T1/LinuxLibertineT-TLF/m/n/9 (-20) release-semantics def-i-ni-tion (Def-i-ni-t
ion []4[]), an ex-plicit \T1/LinuxLibertineT-TLF/m/it/9 (-20) history-

[1.1{/usr/local/texlive/2025/texmf-var/fonts/map/pdftex/updmap/pdftex.map}{/usr
/local/texlive/2025/texmf-dist/fonts/enc/dvips/libertine/lbtn_76gpa5.enc}{/usr/
local/texlive/2025/texmf-dist/fonts/enc/dvips/libertine/lbtn_25tcsq.enc}{/usr/l
ocal/texlive/2025/texmf-dist/fonts/enc/dvips/libertine/lbtn_nh77jq.enc}{/usr/lo
cal/texlive/2025/texmf-dist/fonts/enc/dvips/libertine/lbtn_oexx6f.enc}{/usr/loc
al/texlive/2025/texmf-dist/fonts/enc/dvips/libertine/lbtn_7grukw.enc}{/usr/loca
l/texlive/2025/texmf-dist/fonts/enc/dvips/libertine/lbtn_naooyc.enc} <./cc-by-4
.pdf>]
Overfull \hbox (6.0388pt too wide) in paragraph at lines 97--98
[]\T1/LinuxLibertineT-TLF/m/n/9 (-20) We give a \T1/LinuxLibertineT-TLF/b/n/9 (
-20) pri-vacy anal-y-sis \T1/LinuxLibertineT-TLF/m/n/9 (-20) cov-er-ing each re
-lease (sensitivity-


Overfull \hbox (33.43813pt too wide) in paragraph at lines 126--127
 []\T1/LinuxLibertineT-TLF/m/it/9 (-20) Pseudonymization vs. Anonymiza-tion.[] 
\T1/LinuxLibertineT-TLF/m/n/9 (-20) Our sys-tem per-forms \T1/LinuxLibertineT-T
LF/m/it/9 (-20) pseudonymiza-

[2.2{/usr/local/texlive/2025/texmf-dist/fonts/enc/dvips/libertine/lbtn_ncsllp.e
nc}]
Underfull \vbox (badness 1377) has occurred while \output is active

[3.3]
Overfull \hbox (30.46985pt too wide) in paragraph at lines 235--236
[]\T1/LinuxLibertineT-TLF/m/n/9 (-20) The DP guar-an-tees treat hash func-tions
 as ran-dom or-a-cles. Pseudonymiza-


[4.4]

Underfull \vbox (badness 10000) has occurred while \output is active
[5.5] (/usr/local/texlive/2025/texmf-dist/tex/latex/inconsolata/t1zi4.fd)
Overfull \hbox (1.55728pt too wide) in paragraph at lines 405--406
 []\T1/LinuxLibertineT-TLF/m/it/9 (-20) Why tomb-stones are com-pat-i-ble with 
era-sure.[] \T1/LinuxLibertineT-TLF/m/n/9 (-20) A nat-u-ral objection---


Underfull \vbox (badness 10000) has occurred while \output is active
[6.6{/usr/local/texlive/2025/texmf-dist/fonts/enc/dvips/libertine/lbtn_ki75ao.e
nc}{/usr/local/texlive/2025/texmf-dist/fonts/enc/dvips/inconsolata/i4-t1-4.enc}
]
Overfull \hbox (3.11919pt too wide) in paragraph at lines 459--460
\T1/LinuxLibertineT-TLF/m/n/9 (-20) pub-lished re-lease keyed by $\LMS/ntxsy/m/
n/9 ¹\OML/nxlmi/m/it/9 m; d; []\LMS/ntxsy/m/n/9 º$\T1/LinuxLibertineT-TLF/m/n/9
 (-20) . The $[]$ changes


[7.7]
Overfull \hbox (7.13666pt too wide) in paragraph at lines 523--524
[]\T1/LinuxLibertineT-TLF/b/n/9 (-20) Vectorized Bitmap Op-er-a-tions: \T1/Linu
xLibertineT-TLF/m/n/9 (-20) We im-ple-ment C-optimized

Underfull \vbox (badness 3657) has occurred while \output is active

Overfull \hbox (1.56818pt too wide) in paragraph at lines 543--544
[]\T1/LinuxLibertineT-TLF/b/n/9 (-20) Append-Only Bi-nary Logs: \T1/LinuxLibert
ineT-TLF/m/n/9 (-20) Each day's events are archived

[8.8]

[9.9]
Underfull \vbox (badness 10000) has occurred while \output is active

[10.10 <./figs/error_vs_epsilon_set.png> <./figs/budget_consumption.png> <./fig
s/scalability_linear.png>]

[11.11 <./figs/query_latency.png>]

[12.12] Excluding 'acks' comment.

[13.13]

Class acmart Warning: CCS concepts are mandatory for papers over two pages.


(/usr/local/texlive/2025/texmf-dist/tex/generic/stringenc/se-pdfdoc.def)
(/usr/local/texlive/2025/texmf-dist/tex/generic/stringenc/se-utf8.def) [14.14]
(./paper.aux) )
(see the transcript file for additional information)</usr/local/texlive/2025/te
xmf-dist/fonts/type1/public/inconsolata/Inconsolata-zi4r.pfb></usr/local/texliv
e/2025/texmf-dist/fonts/type1/public/newtx/LibertineMathMI.pfb></usr/local/texl
ive/2025/texmf-dist/fonts/type1/public/newtx/LibertineMathMI7.pfb></usr/local/t
exlive/2025/texmf-dist/fonts/type1/public/newtx/LibertineMathRM.pfb></usr/local
/texlive/2025/texmf-dist/fonts/type1/public/libertine/LinBiolinumT.pfb></usr/lo
cal/texlive/2025/texmf-dist/fonts/type1/public/libertine/LinBiolinumTB.pfb></us
r/local/texlive/2025/texmf-dist/fonts/type1/public/libertine/LinBiolinumTI.pfb>
</usr/local/texlive/2025/texmf-dist/fonts/type1/public/libertine/LinLibertineT.
pfb></usr/local/texlive/2025/texmf-dist/fonts/type1/public/libertine/LinLiberti
neTB.pfb></usr/local/texlive/2025/texmf-dist/fonts/type1/public/libertine/LinLi
bertineTBI.pfb></usr/local/texlive/2025/texmf-dist/fonts/type1/public/libertine
/LinLibertineTI.pfb></usr/local/texlive/2025/texmf-dist/fonts/type1/public/newt
x/NewTXMI.pfb></usr/local/texlive/2025/texmf-dist/fonts/type1/public/newtx/NewT
XMI7.pfb></usr/local/texlive/2025/texmf-dist/fonts/type1/public/newtx/txexs.pfb
></usr/local/texlive/2025/texmf-dist/fonts/type1/public/newtx/txmiaX.pfb></usr/
local/texlive/2025/texmf-dist/fonts/type1/public/newtx/txsym.pfb></usr/local/te
xlive/2025/texmf-dist/fonts/type1/public/newtx/txsys.pfb>
Output written on paper.pdf (14 pages, 1136030 bytes).
Transcript written on paper.log.
Latexmk: Getting log file 'paper.log'
Latexmk: Examining 'paper.fls'
Latexmk: Examining 'paper.log'
Latexmk: Log file says output to 'paper.pdf'
Latexmk: All targets (paper.pdf) are up-to-date

